Initialized native services in: C:\Users\Administrator\.gradle\native
Initialized jansi services in: C:\Users\Administrator\.gradle\native
The client will now receive all logging from the daemon (pid: 2120). The daemon log file: C:\Users\Administrator\.gradle\daemon\9.2.1\daemon-2120.out.log
Starting 46th build in daemon [uptime: 4 hrs 5 mins 31.458 secs, performance: 100%, GC rate: 0.00/s, heap usage: 0% of 1 GiB]
Using 16 worker leases.
Operational build model parameters: {requiresToolingModels=false, parallelProjectExecution=true, configureOnDemand=false, configurationCache=false, configurationCacheParallelStore=false, configurationCacheParallelLoad=true, isolatedProjects=false, parallelProjectConfiguration=false, intermediateModelCache=false, parallelToolingApiActions=true, invalidateCoupledProjects=false, modelAsProjectDependency=false, resilientModelBuilding=false}
Now considering [E:\Users\Administrator\Downloads\lenientdeathforneoforge-template-1.21.1 (1)] as hierarchies to watch
Watching the file system is configured to be enabled if available
File system watching is active
Starting Build
Resolved plugin [id: 'org.gradle.toolchains.foojay-resolver-convention', version: '1.0.0']
Settings evaluated using settings file 'E:\Users\Administrator\Downloads\lenientdeathforneoforge-template-1.21.1 (1)\settings.gradle'.
Using local directory build cache for the root build (location = C:\Users\Administrator\.gradle\caches\build-cache-1, remove unused entries = after 7 days).
Projects loaded. Root project using build file 'E:\Users\Administrator\Downloads\lenientdeathforneoforge-template-1.21.1 (1)\build.gradle'.
Included projects: [root project 'lenientdeathforneoforge-template-1.21.1 (1)']

> Configure project :
Evaluating root project 'lenientdeathforneoforge-template-1.21.1 (1)' using build file 'E:\Users\Administrator\Downloads\lenientdeathforneoforge-template-1.21.1 (1)\build.gradle'.
Resolved plugin [id: 'java-library']
Resolved plugin [id: 'maven-publish']
Resolved plugin [id: 'net.neoforged.moddev', version: '2.0.140']
Resolved plugin [id: 'idea']
Resolved plugin [id: 'com.github.ben-manes.versions', version: '0.48.0']
Resolved plugin [id: 'org.owasp.dependencycheck', version: '8.4.0']
Resolved plugin [id: 'com.github.spotbugs', version: '5.1.3']
Build file 'E:\Users\Administrator\Downloads\lenientdeathforneoforge-template-1.21.1 (1)\build.gradle': line 181
Properties should be assigned using the 'propName = value' syntax. Setting a property via the Gradle-generated 'propName value' or 'propName(value)' syntax in Groovy DSL has been deprecated. This is scheduled to be removed in Gradle 10. Use assignment ('url = <value>') instead. Consult the upgrading guide for further information: https://docs.gradle.org/9.2.1/userguide/upgrading_version_8.html#groovy_space_assignment_syntax
	at build_92xbs1fnhs1ug5ioe1qflpi14$_run_closure10$_closure28$_closure30.doCall$original(E:\Users\Administrator\Downloads\lenientdeathforneoforge-template-1.21.1 (1)\build.gradle:181)
	(Run with --stacktrace to get the full stack trace of this deprecation warning.)
	at build_92xbs1fnhs1ug5ioe1qflpi14$_run_closure10$_closure28.doCall$original(E:\Users\Administrator\Downloads\lenientdeathforneoforge-template-1.21.1 (1)\build.gradle:180)
	(Run with --stacktrace to get the full stack trace of this deprecation warning.)

[Incubating] Problems report is available at: file:///E:/Users/Administrator/Downloads/lenientdeathforneoforge-template-1.21.1%20(1)/build/reports/problems/problems-report.html
.\gradlew.bat : 
At line:1 char:63
+ ... lyContinue; .\gradlew.bat clean compileJava --no-configuration-cache  ...
+                 ~~~~~~~~~~~~~~~~~~~~~~~~~~~~~~~~~~~~~~~~~~~~~~~~~~~~~~~~~
    + CategoryInfo          : NotSpecified: (:String) [], RemoteException
    + FullyQualifiedErrorId : NativeCommandError
 
FAILURE: Build failed with an exception.

* Where:
Build file 'E:\Users\Administrator\Downloads\lenientdeathforneoforge-template-1.21.1 (1)\build.gradle' line: 218

* What went wrong:
A problem occurred evaluating root project 'lenientdeathforneoforge-template-1.21.1 (1)'.
> Could not set unknown property 'cveUrlModified' for extension 'dependencyCheck' of type org.owasp.dependencycheck.gradle.extension.DependencyCheckExtension.

* Try:
> Run with --stacktrace option to get the stack trace.
> Run with --debug option to get more log output.
> Run with --scan to generate a Build Scan (powered by Develocity).
> Get more help at https://help.gradle.org.

BUILD FAILED in 860ms
Watched directory hierarchies: [E:\Users\Administrator\Downloads\lenientdeathforneoforge-template-1.21.1 (1)]
